// Jest Snapshot v1, https://goo.gl/fbAQLP

exports[`renders correctly 1`] = `
Array [
  <nav>
    <ul
      className="navbar"
    >
      <li>
        <a
          aria-current="page"
          className="current"
          href="/"
          onClick={[Function]}
          style={Object {}}
        >
          Home 
        </a>
      </li>
      <li>
        <a
          aria-current={null}
          href="/calculator"
          onClick={[Function]}
        >
          Calculator 
        </a>
      </li>
      <li>
        <a
          aria-current={null}
          href="/quotes"
          onClick={[Function]}
        >
          Quotes 
        </a>
      </li>
    </ul>
  </nav>,
  <h2
    className="title"
  >
    Welcome to math magicians
  </h2>,
  <h1
    className="home-message"
    data-testid="home-messages"
  >
    Welcome back Neo. We were expecting you back.
  </h1>,
]
`;
